<html>
<body>
<pre>
<h1>礦ision Build Log</h1>
<h2>Tool Versions:</h2>
IDE-Version: μVision V5.36.0.0
Copyright (C) 2021 ARM Ltd and ARM Germany GmbH. All rights reserved.
License Information: 2 2, 2, LIC=6XJT4-FR8GL-JPSZQ-NIKCY-4RU7J-6DX68
 
Tool Versions:
Toolchain:       MDK-ARM Professional  Version: 5.36.0.0
Toolchain Path:  D:\Keil\keil MDK\ARM\ARMCC\Bin
C Compiler:      Armcc.exe V5.06 update 7 (build 960)
Assembler:       Armasm.exe V5.06 update 7 (build 960)
Linker/Locator:  ArmLink.exe V5.06 update 7 (build 960)
Library Manager: ArmAr.exe V5.06 update 7 (build 960)
Hex Converter:   FromElf.exe V5.06 update 7 (build 960)
CPU DLL:         SARMCM3.DLL V5.36.0.0
Dialog DLL:      DARMSTM.DLL V1.68.0.0
Target DLL:      STLink\ST-LINKIII-KEIL_SWO.dll V3.0.9.0
Dialog DLL:      TARMSTM.DLL V1.66.0.0
 
<h2>Project:</h2>
C:\Users\lenovo\Desktop\project\家居\智能家居项目相关\2022.4.25\USER\DHT11.uvprojx
Project File Date:  10/02/2023

<h2>Output:</h2>
*** Using Compiler 'V5.06 update 7 (build 960)', folder: 'D:\Keil\keil MDK\ARM\ARMCC\Bin'
Rebuild target 'DHT11'
Note: source file '..\STM32F10x_FWLib\src\stm32f10x_usart.c' - object file renamed from '..\OBJ\stm32f10x_usart.o' to '..\OBJ\stm32f10x_usart_1.o'.
Note: source file '..\STM32F10x_FWLib\src\stm32f10x_usart.c' - object file renamed from '..\OBJ\stm32f10x_usart.o' to '..\OBJ\stm32f10x_usart_1.o'.
compiling lsens.c...
compiling main.c...
compiling dht11.c...
compiling adc.c...
compiling beep.c...
compiling key.c...
compiling led.c...
compiling exti.c...
..\HARDWARE\EXTI\exti.c(9): warning:  #260-D: explicit type is missing ("int" assumed)
  extern alarmFlag;		//是否报警的标志
..\HARDWARE\EXTI\exti.c(10): warning:  #260-D: explicit type is missing ("int" assumed)
  extern alarm_is_free;	//报警器是否被手动操作，如果被手动操作即设置为0
..\HARDWARE\EXTI\exti.c: 2 warnings, 0 errors
compiling timer.c...
compiling system_stm32f10x.c...
compiling OLED.c...
compiling stm32f10x_adc.c...
compiling stm32f10x_it.c...
compiling delay.c...
compiling core_cm3.c...
compiling stm32f10x_usart.c...
compiling usart.c...
assembling startup_stm32f10x_hd.s...
compiling sys.c...
compiling misc.c...
compiling stm32f10x_fsmc.c...
compiling MqttKit.c...
compiling stm32f10x_gpio.c...
compiling stm32f10x_exti.c...
compiling cJSON.c...
..\NET\cJSON\cJSON.c(55): warning:  #1293-D: assignment in condition
        if (!(copy = (char*)cJSON_malloc(len))) return 0;
..\NET\cJSON\cJSON.c(278): warning:  #1293-D: assignment in condition
  	ptr=str;while ((token=*ptr) && ++len) {if (strchr("\"\\\b\f\n\r\t",token)) len++; else if (token<32) len+=5;ptr++;}
..\NET\cJSON\cJSON.c(352): warning:  #111-D: statement is unreachable
  	return p.buffer;
..\NET\cJSON\cJSON.c(423): warning:  #1293-D: assignment in condition
  		if (!(new_item=cJSON_New_Item())) return 0; 	/* memory fail */
..\NET\cJSON\cJSON.c(535): warning:  #1293-D: assignment in condition
  		if (!(new_item=cJSON_New_Item()))	return 0; /* memory fail */
..\NET\cJSON\cJSON.c: 5 warnings, 0 errors
compiling stm32f10x_rcc.c...
compiling esp8266.c...
compiling stm32f10x_usart.c...
compiling onenet.c...
..\NET\onenet\onenet.c(36): warning:  #260-D: explicit type is missing ("int" assumed)
  extern alarmFlag;
..\NET\onenet\onenet.c(37): warning:  #260-D: explicit type is missing ("int" assumed)
  extern alarm_is_free;
..\NET\onenet\onenet.c: 2 warnings, 0 errors
compiling stm32f10x_tim.c...
linking...
..\OBJ\DHT11.axf: Warning: L6304W: Duplicate input file ..\obj\stm32f10x_usart_1.o ignored.
Program Size: Code=40510 RO-data=2558 RW-data=76 ZI-data=2028  
Finished: 0 information, 1 warning and 0 error messages.
FromELF: creating hex file...
"..\OBJ\DHT11.axf" - 0 Error(s), 10 Warning(s).

<h2>Software Packages used:</h2>

Package Vendor: Keil
                http://www.keil.com/pack/Keil.STM32F1xx_DFP.2.3.0.pack
                Keil.STM32F1xx_DFP.2.3.0
                STMicroelectronics STM32F1 Series Device Support, Drivers and Examples

<h2>Collection of Component include folders:</h2>
  D:\Keil\keil MDK\ARM\PACK\Keil\STM32F1xx_DFP\2.3.0\Device\Include

<h2>Collection of Component Files used:</h2>
Build Time Elapsed:  00:00:03
</pre>
</body>
</html>
