<html>
<body>
<pre>
<h1>µVision Build Log</h1>
<h2>Tool Versions:</h2>
IDE-Version: ¦ÌVision V5.36.0.0
Copyright (C) 2021 ARM Ltd and ARM Germany GmbH. All rights reserved.
License Information: 2 2, 2, LIC=6XJT4-FR8GL-JPSZQ-NIKCY-4RU7J-6DX68
 
Tool Versions:
Toolchain:       MDK-ARM Professional  Version: 5.36.0.0
Toolchain Path:  D:\Keil\keil MDK\ARM\ARMCC\Bin
C Compiler:      Armcc.exe V5.06 update 7 (build 960)
Assembler:       Armasm.exe V5.06 update 7 (build 960)
Linker/Locator:  ArmLink.exe V5.06 update 7 (build 960)
Library Manager: ArmAr.exe V5.06 update 7 (build 960)
Hex Converter:   FromElf.exe V5.06 update 7 (build 960)
CPU DLL:         SARMCM3.DLL V5.36.0.0
Dialog DLL:      DCM.DLL V1.17.3.0
Target DLL:      STLink\ST-LINKIII-KEIL_SWO.dll V3.0.9.0
Dialog DLL:      TCM.DLL V1.53.0.0
 
<h2>Project:</h2>
C:\Users\lenovo\Desktop\project\cubemx\11\MDK-ARM\11.uvprojx
Project File Date:  09/30/2023

<h2>Output:</h2>
*** Using Compiler 'V5.06 update 7 (build 960)', folder: 'D:\Keil\keil MDK\ARM\ARMCC\Bin'
Rebuild target '11'
assembling startup_stm32f103xe.s...
compiling walkmotor.c...
compiling sram.c...
compiling gui.c...
compiling delay.c...
compiling key.c...
compiling gpio.c...
compiling printf.c...
compiling spi.c...
compiling stmflash.c...
compiling oled.c...
..\Core\Src\oled.c(212): warning:  #186-D: pointless comparison of unsigned integer with zero
      if((x1<0)||(x2>128)||(y1<0)||(y2>64)||(x1>x2)||(y1>y2))
..\Core\Src\oled.c(212): warning:  #186-D: pointless comparison of unsigned integer with zero
      if((x1<0)||(x2>128)||(y1<0)||(y2>64)||(x1>x2)||(y1>y2))
..\Core\Src\oled.c: 2 warnings, 0 errors
compiling malloc.c...
compiling as608.c...
compiling freertos.c...
../Core/Src/freertos.c(236): warning:  #177-D: variable "q"  was declared but never referenced
      int l,q;
../Core/Src/freertos.c(395): warning:  #177-D: variable "RxBuffer"  was declared but never referenced
      uint8_t RxBuffer[4];
../Core/Src/freertos.c(396): warning:  #177-D: variable "Card_ID"  was declared but never referenced
      char Card_ID[8];
../Core/Src/freertos.c: 3 warnings, 0 errors
compiling stm32f1xx_hal_msp.c...
compiling stm32f1xx_hal_gpio.c...
compiling stm32f1xx_hal_rcc_ex.c...
compiling stm32f1xx_hal_dma.c...
compiling stm32f1xx_hal.c...
compiling stm32f1xx_hal_gpio_ex.c...
compiling stm32f1xx_hal_timebase_tim.c...
compiling stm32f1xx_hal_flash.c...
compiling stm32f1xx_hal_rcc.c...
compiling rc522.c...
compiling usart.c...
compiling stm32f1xx_hal_cortex.c...
compiling stm32f1xx_hal_flash_ex.c...
compiling croutine.c...
compiling stm32f1xx_it.c...
compiling main.c...
compiling event_groups.c...
compiling list.c...
compiling stream_buffer.c...
compiling timers.c...
compiling heap_4.c...
compiling queue.c...
compiling tasks.c...
compiling cmsis_os2.c...
compiling stm32f1xx_hal_pwr.c...
compiling stm32f1xx_hal_sram.c...
compiling port.c...
compiling stm32f1xx_ll_fsmc.c...
compiling stm32f1xx_hal_exti.c...
compiling system_stm32f1xx.c...
compiling stm32f1xx_hal_tim_ex.c...
compiling stm32f1xx_hal_uart.c...
compiling stm32f1xx_hal_spi.c...
compiling stm32f1xx_hal_tim.c...
linking...
Program Size: Code=27464 RO-data=6700 RW-data=8544 ZI-data=1059376  
FromELF: creating hex file...
"11\11.axf" - 0 Error(s), 5 Warning(s).

<h2>Software Packages used:</h2>

Package Vendor: ARM
                http://www.keil.com/pack/ARM.CMSIS.5.8.0.pack
                ARM.CMSIS.5.8.0
                CMSIS (Common Microcontroller Software Interface Standard)
   * Component: CORE Version: 5.5.0

Package Vendor: Keil
                http://www.keil.com/pack/Keil.STM32F1xx_DFP.2.3.0.pack
                Keil.STM32F1xx_DFP.2.3.0
                STMicroelectronics STM32F1 Series Device Support, Drivers and Examples

<h2>Collection of Component include folders:</h2>
  .\RTE\_11
  D:\Keil\keil MDK\ARM\PACK\ARM\CMSIS\5.8.0\CMSIS\Core\Include
  D:\Keil\keil MDK\ARM\PACK\Keil\STM32F1xx_DFP\2.3.0\Device\Include

<h2>Collection of Component Files used:</h2>

   * Component: ARM::CMSIS:CORE:5.5.0
      Include file:  CMSIS\Core\Include\tz_context.h
Build Time Elapsed:  00:00:14
</pre>
</body>
</html>
